MPLINK 5.08, LINKER
Linker Map File - Created Mon Feb 25 15:00:02 2019

                                 Section Info
                  Section       Type    Address   Location Size(Bytes)
                ---------  ---------  ---------  ---------  ---------
                   .org_0       code   0x000000    program   0x0001fe
                   .cinit    romdata   0x0001fe    program   0x000002
.config_300001_BUILD/DEFAULT/PRODUCTION/ELEVADO    romdata   0x300001    program   0x000001
.config_300003_BUILD/DEFAULT/PRODUCTION/ELEVADO    romdata   0x300003    program   0x000001
.config_300005_BUILD/DEFAULT/PRODUCTION/ELEVADO    romdata   0x300005    program   0x000001
.config_300006_BUILD/DEFAULT/PRODUCTION/ELEVADO    romdata   0x300006    program   0x000001



                              Program Memory Usage 
                               Start         End      
                           ---------   ---------      
                            0x000000    0x0001ff      
                            0x300001    0x300001      
                            0x300003    0x300003      
                            0x300005    0x300006      
            516 out of 33048 program addresses used, program memory utilization is 1%



                              Symbols - Sorted by Name
                     Name    Address   Location    Storage File                     
                ---------  ---------  ---------  --------- ---------                
     BAJAR_SEGUNDO_PRIMER   0x000196    program     static C:\Users\aguil\Documents\Codigos\Tareas_ayuda\Elevador\TAREA-1-ELEVADOR\Elevador.X\elevador.asm
      BAJAR_TERCER_PRIMER   0x000156    program     static C:\Users\aguil\Documents\Codigos\Tareas_ayuda\Elevador\TAREA-1-ELEVADOR\Elevador.X\elevador.asm
     BAJAR_TERCER_SEGUNDO   0x000116    program     static C:\Users\aguil\Documents\Codigos\Tareas_ayuda\Elevador\TAREA-1-ELEVADOR\Elevador.X\elevador.asm
                      DOS   0x0001da    program     static C:\Users\aguil\Documents\Codigos\Tareas_ayuda\Elevador\TAREA-1-ELEVADOR\Elevador.X\elevador.asm
                 Mainloop   0x00001c    program     static C:\Users\aguil\Documents\Codigos\Tareas_ayuda\Elevador\TAREA-1-ELEVADOR\Elevador.X\elevador.asm
                  RETARDO   0x0001d6    program     static C:\Users\aguil\Documents\Codigos\Tareas_ayuda\Elevador\TAREA-1-ELEVADOR\Elevador.X\elevador.asm
                Retardo_1   0x0001f0    program     static C:\Users\aguil\Documents\Codigos\Tareas_ayuda\Elevador\TAREA-1-ELEVADOR\Elevador.X\elevador.asm
                     STOP   0x000046    program     static C:\Users\aguil\Documents\Codigos\Tareas_ayuda\Elevador\TAREA-1-ELEVADOR\Elevador.X\elevador.asm
     SUBIR_PRIMER_SEGUNDO   0x000052    program     static C:\Users\aguil\Documents\Codigos\Tareas_ayuda\Elevador\TAREA-1-ELEVADOR\Elevador.X\elevador.asm
     SUBIR_PRIMER_TERCERO   0x000096    program     static C:\Users\aguil\Documents\Codigos\Tareas_ayuda\Elevador\TAREA-1-ELEVADOR\Elevador.X\elevador.asm
     SUBIR_SEGUNDO_TERCER   0x0000d6    program     static C:\Users\aguil\Documents\Codigos\Tareas_ayuda\Elevador\TAREA-1-ELEVADOR\Elevador.X\elevador.asm
                    Start   0x000000    program     static C:\Users\aguil\Documents\Codigos\Tareas_ayuda\Elevador\TAREA-1-ELEVADOR\Elevador.X\elevador.asm
                     TRES   0x0001d6    program     static C:\Users\aguil\Documents\Codigos\Tareas_ayuda\Elevador\TAREA-1-ELEVADOR\Elevador.X\elevador.asm
                      UNO   0x0001de    program     static C:\Users\aguil\Documents\Codigos\Tareas_ayuda\Elevador\TAREA-1-ELEVADOR\Elevador.X\elevador.asm



                              Symbols - Sorted by Address
                     Name    Address   Location    Storage File                     
                ---------  ---------  ---------  --------- ---------                
                    Start   0x000000    program     static C:\Users\aguil\Documents\Codigos\Tareas_ayuda\Elevador\TAREA-1-ELEVADOR\Elevador.X\elevador.asm
                 Mainloop   0x00001c    program     static C:\Users\aguil\Documents\Codigos\Tareas_ayuda\Elevador\TAREA-1-ELEVADOR\Elevador.X\elevador.asm
                     STOP   0x000046    program     static C:\Users\aguil\Documents\Codigos\Tareas_ayuda\Elevador\TAREA-1-ELEVADOR\Elevador.X\elevador.asm
     SUBIR_PRIMER_SEGUNDO   0x000052    program     static C:\Users\aguil\Documents\Codigos\Tareas_ayuda\Elevador\TAREA-1-ELEVADOR\Elevador.X\elevador.asm
     SUBIR_PRIMER_TERCERO   0x000096    program     static C:\Users\aguil\Documents\Codigos\Tareas_ayuda\Elevador\TAREA-1-ELEVADOR\Elevador.X\elevador.asm
     SUBIR_SEGUNDO_TERCER   0x0000d6    program     static C:\Users\aguil\Documents\Codigos\Tareas_ayuda\Elevador\TAREA-1-ELEVADOR\Elevador.X\elevador.asm
     BAJAR_TERCER_SEGUNDO   0x000116    program     static C:\Users\aguil\Documents\Codigos\Tareas_ayuda\Elevador\TAREA-1-ELEVADOR\Elevador.X\elevador.asm
      BAJAR_TERCER_PRIMER   0x000156    program     static C:\Users\aguil\Documents\Codigos\Tareas_ayuda\Elevador\TAREA-1-ELEVADOR\Elevador.X\elevador.asm
     BAJAR_SEGUNDO_PRIMER   0x000196    program     static C:\Users\aguil\Documents\Codigos\Tareas_ayuda\Elevador\TAREA-1-ELEVADOR\Elevador.X\elevador.asm
                  RETARDO   0x0001d6    program     static C:\Users\aguil\Documents\Codigos\Tareas_ayuda\Elevador\TAREA-1-ELEVADOR\Elevador.X\elevador.asm
                     TRES   0x0001d6    program     static C:\Users\aguil\Documents\Codigos\Tareas_ayuda\Elevador\TAREA-1-ELEVADOR\Elevador.X\elevador.asm
                      DOS   0x0001da    program     static C:\Users\aguil\Documents\Codigos\Tareas_ayuda\Elevador\TAREA-1-ELEVADOR\Elevador.X\elevador.asm
                      UNO   0x0001de    program     static C:\Users\aguil\Documents\Codigos\Tareas_ayuda\Elevador\TAREA-1-ELEVADOR\Elevador.X\elevador.asm
                Retardo_1   0x0001f0    program     static C:\Users\aguil\Documents\Codigos\Tareas_ayuda\Elevador\TAREA-1-ELEVADOR\Elevador.X\elevador.asm


